// Jest Snapshot v1, https://goo.gl/fbAQLP

exports[`EmployeeList snapshot matches the rendered markup 1`] = `
<DocumentFragment>
  <div
    class="MuiBox-root css-0"
  >
    <div
      class="MuiSnackbar-root MuiSnackbar-anchorOriginTopCenter  css-ikhur5-MuiSnackbar-root"
      role="presentation"
    >
      <div
        class="MuiPaper-root MuiPaper-elevation MuiPaper-rounded MuiPaper-elevation0  MuiAlert-root MuiAlert-colorWarning MuiAlert-standardWarning MuiAlert-standard  css-6ecq4l-MuiPaper-root-MuiAlert-root"
        direction="down"
        role="alert"
        style="--Paper-shadow: none; opacity: 1; transform: scale(1, 1); transition: opacity 225ms cubic-bezier(0.4, 0, 0.2, 1) 0ms,transform 150ms cubic-bezier(0.4, 0, 0.2, 1) 0ms;"
      >
        <div
          class="MuiAlert-icon  css-1ytlwq5-MuiAlert-icon"
        >
          <svg
            aria-hidden="true"
            class="MuiSvgIcon-root MuiSvgIcon-fontSizeInherit  css-1lzspe0-MuiSvgIcon-root"
            data-testid="ReportProblemOutlinedIcon"
            focusable="false"
            viewBox="0 0 24 24"
          >
            <path
              d="M12 5.99L19.53 19H4.47L12 5.99M12 2L1 21h22L12 2zm1 14h-2v2h2v-2zm0-6h-2v4h2v-4z"
            />
          </svg>
        </div>
        <div
          class="MuiAlert-message  css-1pxa9xg-MuiAlert-message"
        >
          You must be logged in to access the employee list. 
          <span
            style="color: rgb(63, 81, 181); text-decoration: underline; cursor: pointer; transition: color 0.1s;"
          >
            Login
          </span>
        </div>
        <div
          class="MuiAlert-action  css-ki1hdl-MuiAlert-action"
        >
          <button
            aria-label="Close"
            class="MuiButtonBase-root  MuiIconButton-root MuiIconButton-colorInherit MuiIconButton-sizeSmall  css-18qjhy-MuiButtonBase-root-MuiIconButton-root"
            tabindex="0"
            title="Close"
            type="button"
          >
            <svg
              aria-hidden="true"
              class="MuiSvgIcon-root MuiSvgIcon-fontSizeSmall  css-18w7uxr-MuiSvgIcon-root"
              data-testid="CloseIcon"
              focusable="false"
              viewBox="0 0 24 24"
            >
              <path
                d="M19 6.41L17.59 5 12 10.59 6.41 5 5 6.41 10.59 12 5 17.59 6.41 19 12 13.41 17.59 19 19 17.59 13.41 12z"
              />
            </svg>
          </button>
        </div>
      </div>
    </div>
    <div
      class="MuiStack-root  css-1ipo5lz-MuiStack-root"
    >
      <div
        class="MuiBox-root css-0"
      >
        <h4
          class="MuiTypography-root MuiTypography-h4  css-jq85n-MuiTypography-root"
        >
          Employees
        </h4>
        <p
          class="MuiTypography-root MuiTypography-body1  css-h6r3vf-MuiTypography-root"
        >
          Search, filter, and export your directory without leaving the page.
        </p>
      </div>
      <div
        class="MuiStack-root  css-niqf4j-MuiStack-root"
      >
        <button
          class="MuiButtonBase-root MuiButton-root MuiButton-outlined MuiButton-outlinedPrimary MuiButton-sizeMedium MuiButton-outlinedSizeMedium MuiButton-colorPrimary   MuiButton-root MuiButton-outlined MuiButton-outlinedPrimary MuiButton-sizeMedium MuiButton-outlinedSizeMedium MuiButton-colorPrimary  css-1imukh4-MuiButtonBase-root-MuiButton-root"
          tabindex="0"
          type="button"
        >
          Export CSV
        </button>
        <a
          class="MuiButtonBase-root MuiButton-root MuiButton-contained MuiButton-containedPrimary MuiButton-sizeMedium MuiButton-containedSizeMedium MuiButton-colorPrimary   MuiButton-root MuiButton-contained MuiButton-containedPrimary MuiButton-sizeMedium MuiButton-containedSizeMedium MuiButton-colorPrimary  css-142372x-MuiButtonBase-root-MuiButton-root"
          href="/add-employee"
          tabindex="0"
        >
          Add Employee
        </a>
      </div>
    </div>
    <div
      class="MuiGrid-root MuiGrid-container MuiGrid-spacing-xs-2  css-l8v5xp-MuiGrid-root"
    >
      <div
        class="MuiGrid-root MuiGrid-item MuiGrid-grid-xs-12 MuiGrid-grid-sm-6 MuiGrid-grid-md-3  css-10voxkt-MuiGrid-root"
      >
        <div
          class="MuiPaper-root MuiPaper-elevation MuiPaper-rounded MuiPaper-elevation1  css-19am722-MuiPaper-root"
          style="--Paper-shadow: 0px 2px 1px -1px rgba(0,0,0,0.2),0px 1px 1px 0px rgba(0,0,0,0.14),0px 1px 3px 0px rgba(0,0,0,0.12);"
        >
          <p
            class="MuiTypography-root MuiTypography-body2  css-atovpb-MuiTypography-root"
          >
            Total employees
          </p>
          <h4
            class="MuiTypography-root MuiTypography-h4  css-185u8kw-MuiTypography-root"
          >
            0
          </h4>
          <span
            class="MuiTypography-root MuiTypography-caption  css-mlv3xz-MuiTypography-root"
          >
            Across all departments
          </span>
        </div>
      </div>
      <div
        class="MuiGrid-root MuiGrid-item MuiGrid-grid-xs-12 MuiGrid-grid-sm-6 MuiGrid-grid-md-3  css-10voxkt-MuiGrid-root"
      >
        <div
          class="MuiPaper-root MuiPaper-elevation MuiPaper-rounded MuiPaper-elevation1  css-1x96s5q-MuiPaper-root"
          style="--Paper-shadow: 0px 2px 1px -1px rgba(0,0,0,0.2),0px 1px 1px 0px rgba(0,0,0,0.14),0px 1px 3px 0px rgba(0,0,0,0.12);"
        >
          <p
            class="MuiTypography-root MuiTypography-body2  css-atovpb-MuiTypography-root"
          >
            Visible now
          </p>
          <h4
            class="MuiTypography-root MuiTypography-h4  css-185u8kw-MuiTypography-root"
          >
            0
          </h4>
          <span
            class="MuiTypography-root MuiTypography-caption  css-mlv3xz-MuiTypography-root"
          >
            After filters
          </span>
        </div>
      </div>
      <div
        class="MuiGrid-root MuiGrid-item MuiGrid-grid-xs-12 MuiGrid-grid-sm-6 MuiGrid-grid-md-3  css-10voxkt-MuiGrid-root"
      >
        <div
          class="MuiPaper-root MuiPaper-elevation MuiPaper-rounded MuiPaper-elevation1  css-1bhi72i-MuiPaper-root"
          style="--Paper-shadow: 0px 2px 1px -1px rgba(0,0,0,0.2),0px 1px 1px 0px rgba(0,0,0,0.14),0px 1px 3px 0px rgba(0,0,0,0.12);"
        >
          <p
            class="MuiTypography-root MuiTypography-body2  css-atovpb-MuiTypography-root"
          >
            Departments
          </p>
          <h4
            class="MuiTypography-root MuiTypography-h4  css-185u8kw-MuiTypography-root"
          >
            0
          </h4>
          <span
            class="MuiTypography-root MuiTypography-caption  css-mlv3xz-MuiTypography-root"
          >
            Available for assignment
          </span>
        </div>
      </div>
      <div
        class="MuiGrid-root MuiGrid-item MuiGrid-grid-xs-12 MuiGrid-grid-sm-6 MuiGrid-grid-md-3  css-10voxkt-MuiGrid-root"
      >
        <div
          class="MuiPaper-root MuiPaper-elevation MuiPaper-rounded MuiPaper-elevation1  css-5ztdbs-MuiPaper-root"
          style="--Paper-shadow: 0px 2px 1px -1px rgba(0,0,0,0.2),0px 1px 1px 0px rgba(0,0,0,0.14),0px 1px 3px 0px rgba(0,0,0,0.12);"
        >
          <p
            class="MuiTypography-root MuiTypography-body2  css-atovpb-MuiTypography-root"
          >
            Avg age
          </p>
          <h4
            class="MuiTypography-root MuiTypography-h4  css-185u8kw-MuiTypography-root"
          >
            —
          </h4>
          <span
            class="MuiTypography-root MuiTypography-caption  css-mlv3xz-MuiTypography-root"
          >
            Across current roster
          </span>
        </div>
      </div>
    </div>
    <div
      class="MuiPaper-root MuiPaper-elevation MuiPaper-rounded MuiPaper-elevation1  css-1tlmmqv-MuiPaper-root"
      style="--Paper-shadow: 0px 2px 1px -1px rgba(0,0,0,0.2),0px 1px 1px 0px rgba(0,0,0,0.14),0px 1px 3px 0px rgba(0,0,0,0.12);"
    >
      <div
        class="MuiStack-root  css-1sazv7p-MuiStack-root"
      >
        <div
          class="MuiFormControl-root MuiFormControl-fullWidth  MuiTextField-root  css-y4n9bg-MuiFormControl-root-MuiTextField-root"
        >
          <label
            class="MuiFormLabel-root MuiInputLabel-root MuiInputLabel-formControl MuiInputLabel-animated MuiInputLabel-sizeMedium MuiInputLabel-outlined  MuiFormLabel-colorPrimary  MuiInputLabel-root MuiInputLabel-formControl MuiInputLabel-animated MuiInputLabel-sizeMedium MuiInputLabel-outlined  css-1q964xs-MuiFormLabel-root-MuiInputLabel-root"
            data-shrink="false"
            for=":r0:"
            id=":r0:-label"
          >
            Search by name or email...
          </label>
          <div
            class="MuiInputBase-root MuiOutlinedInput-root  MuiInputBase-colorPrimary MuiInputBase-fullWidth MuiInputBase-formControl  css-1o0kqxp-MuiInputBase-root-MuiOutlinedInput-root"
          >
            <input
              aria-invalid="false"
              class="MuiInputBase-input MuiOutlinedInput-input   css-1jk99ih-MuiInputBase-input-MuiOutlinedInput-input"
              id=":r0:"
              type="text"
              value=""
            />
            <fieldset
              aria-hidden="true"
              class="MuiOutlinedInput-notchedOutline  css-1d3z3hw-MuiOutlinedInput-notchedOutline"
            >
              <legend
                class="css-1pbc52w"
              >
                <span>
                  Search by name or email...
                </span>
              </legend>
            </fieldset>
          </div>
        </div>
        <div
          class="MuiStack-root  css-1i67jkc-MuiStack-root"
        >
          <div
            class="MuiFormControl-root MuiFormControl-fullWidth  css-1b5lkxe-MuiFormControl-root"
          >
            <label
              class="MuiFormLabel-root MuiInputLabel-root MuiInputLabel-formControl MuiInputLabel-animated MuiInputLabel-shrink MuiInputLabel-sizeMedium MuiInputLabel-outlined  MuiFormLabel-colorPrimary MuiFormLabel-filled  MuiInputLabel-root MuiInputLabel-formControl MuiInputLabel-animated MuiInputLabel-shrink MuiInputLabel-sizeMedium MuiInputLabel-outlined  css-18pjc51-MuiFormLabel-root-MuiInputLabel-root"
              data-shrink="true"
              id="department-filter-label"
            >
              Department
            </label>
            <div
              class="MuiInputBase-root MuiOutlinedInput-root  MuiInputBase-colorPrimary MuiInputBase-formControl   css-1cprn2g-MuiInputBase-root-MuiOutlinedInput-root-MuiSelect-root"
            >
              <div
                aria-controls=":r1:"
                aria-expanded="false"
                aria-haspopup="listbox"
                aria-labelledby="department-filter-label"
                class="MuiSelect-select MuiSelect-outlined  MuiInputBase-input MuiOutlinedInput-input   css-15k6ek6-MuiSelect-select-MuiInputBase-input-MuiOutlinedInput-input"
                role="combobox"
                tabindex="0"
              >
                All departments
              </div>
              <input
                aria-hidden="true"
                aria-invalid="false"
                class="MuiSelect-nativeInput  css-yf8vq0-MuiSelect-nativeInput"
                tabindex="-1"
                value="all"
              />
              <svg
                aria-hidden="true"
                class="MuiSvgIcon-root MuiSvgIcon-fontSizeMedium  MuiSelect-icon MuiSelect-iconOutlined  css-1u6jos5-MuiSvgIcon-root-MuiSelect-icon"
                data-testid="ArrowDropDownIcon"
                focusable="false"
                viewBox="0 0 24 24"
              >
                <path
                  d="M7 10l5 5 5-5z"
                />
              </svg>
              <fieldset
                aria-hidden="true"
                class="MuiOutlinedInput-notchedOutline  css-1d3z3hw-MuiOutlinedInput-notchedOutline"
              >
                <legend
                  class="css-kg5swy"
                >
                  <span>
                    Department
                  </span>
                </legend>
              </fieldset>
            </div>
          </div>
          <div
            class="MuiFormControl-root MuiFormControl-fullWidth  css-1b5lkxe-MuiFormControl-root"
          >
            <label
              class="MuiFormLabel-root MuiInputLabel-root MuiInputLabel-formControl MuiInputLabel-animated MuiInputLabel-shrink MuiInputLabel-sizeMedium MuiInputLabel-outlined  MuiFormLabel-colorPrimary MuiFormLabel-filled  MuiInputLabel-root MuiInputLabel-formControl MuiInputLabel-animated MuiInputLabel-shrink MuiInputLabel-sizeMedium MuiInputLabel-outlined  css-18pjc51-MuiFormLabel-root-MuiInputLabel-root"
              data-shrink="true"
              id="age-filter-label"
            >
              Age
            </label>
            <div
              class="MuiInputBase-root MuiOutlinedInput-root  MuiInputBase-colorPrimary MuiInputBase-formControl   css-1cprn2g-MuiInputBase-root-MuiOutlinedInput-root-MuiSelect-root"
            >
              <div
                aria-controls=":r2:"
                aria-expanded="false"
                aria-haspopup="listbox"
                aria-labelledby="age-filter-label"
                class="MuiSelect-select MuiSelect-outlined  MuiInputBase-input MuiOutlinedInput-input   css-15k6ek6-MuiSelect-select-MuiInputBase-input-MuiOutlinedInput-input"
                role="combobox"
                tabindex="0"
              >
                All ranges
              </div>
              <input
                aria-hidden="true"
                aria-invalid="false"
                class="MuiSelect-nativeInput  css-yf8vq0-MuiSelect-nativeInput"
                tabindex="-1"
                value="all"
              />
              <svg
                aria-hidden="true"
                class="MuiSvgIcon-root MuiSvgIcon-fontSizeMedium  MuiSelect-icon MuiSelect-iconOutlined  css-1u6jos5-MuiSvgIcon-root-MuiSelect-icon"
                data-testid="ArrowDropDownIcon"
                focusable="false"
                viewBox="0 0 24 24"
              >
                <path
                  d="M7 10l5 5 5-5z"
                />
              </svg>
              <fieldset
                aria-hidden="true"
                class="MuiOutlinedInput-notchedOutline  css-1d3z3hw-MuiOutlinedInput-notchedOutline"
              >
                <legend
                  class="css-kg5swy"
                >
                  <span>
                    Age
                  </span>
                </legend>
              </fieldset>
            </div>
          </div>
          <div
            class="MuiFormControl-root MuiFormControl-fullWidth  css-1b5lkxe-MuiFormControl-root"
          >
            <label
              class="MuiFormLabel-root MuiInputLabel-root MuiInputLabel-formControl MuiInputLabel-animated MuiInputLabel-shrink MuiInputLabel-sizeMedium MuiInputLabel-outlined  MuiFormLabel-colorPrimary MuiFormLabel-filled  MuiInputLabel-root MuiInputLabel-formControl MuiInputLabel-animated MuiInputLabel-shrink MuiInputLabel-sizeMedium MuiInputLabel-outlined  css-18pjc51-MuiFormLabel-root-MuiInputLabel-root"
              data-shrink="true"
              id="sort-filter-label"
            >
              Sort by
            </label>
            <div
              class="MuiInputBase-root MuiOutlinedInput-root  MuiInputBase-colorPrimary MuiInputBase-formControl   css-1cprn2g-MuiInputBase-root-MuiOutlinedInput-root-MuiSelect-root"
            >
              <div
                aria-controls=":r3:"
                aria-expanded="false"
                aria-haspopup="listbox"
                aria-labelledby="sort-filter-label"
                class="MuiSelect-select MuiSelect-outlined  MuiInputBase-input MuiOutlinedInput-input   css-15k6ek6-MuiSelect-select-MuiInputBase-input-MuiOutlinedInput-input"
                role="combobox"
                tabindex="0"
              >
                Name
              </div>
              <input
                aria-hidden="true"
                aria-invalid="false"
                class="MuiSelect-nativeInput  css-yf8vq0-MuiSelect-nativeInput"
                tabindex="-1"
                value="name"
              />
              <svg
                aria-hidden="true"
                class="MuiSvgIcon-root MuiSvgIcon-fontSizeMedium  MuiSelect-icon MuiSelect-iconOutlined  css-1u6jos5-MuiSvgIcon-root-MuiSelect-icon"
                data-testid="ArrowDropDownIcon"
                focusable="false"
                viewBox="0 0 24 24"
              >
                <path
                  d="M7 10l5 5 5-5z"
                />
              </svg>
              <fieldset
                aria-hidden="true"
                class="MuiOutlinedInput-notchedOutline  css-1d3z3hw-MuiOutlinedInput-notchedOutline"
              >
                <legend
                  class="css-kg5swy"
                >
                  <span>
                    Sort by
                  </span>
                </legend>
              </fieldset>
            </div>
          </div>
        </div>
        <div
          class="MuiStack-root  css-6drtjh-MuiStack-root"
        >
          <p
            class="MuiTypography-root MuiTypography-body2  css-atovpb-MuiTypography-root"
          >
            Active filters:
          </p>
          <button
            class="MuiButtonBase-root MuiButton-root MuiButton-text MuiButton-textPrimary MuiButton-sizeSmall MuiButton-textSizeSmall MuiButton-colorPrimary   MuiButton-root MuiButton-text MuiButton-textPrimary MuiButton-sizeSmall MuiButton-textSizeSmall MuiButton-colorPrimary  css-8iab9z-MuiButtonBase-root-MuiButton-root"
            tabindex="0"
            type="button"
          >
            Reset
          </button>
          <label
            class="MuiFormControlLabel-root MuiFormControlLabel-labelPlacementEnd  css-j204z7-MuiFormControlLabel-root"
          >
            <span
              class="MuiSwitch-root MuiSwitch-sizeMedium  css-julti5-MuiSwitch-root"
            >
              <span
                class="MuiButtonBase-root MuiSwitch-switchBase MuiSwitch-colorPrimary   PrivateSwitchBase-root MuiSwitch-switchBase MuiSwitch-colorPrimary   css-byenzh-MuiButtonBase-root-MuiSwitch-switchBase"
              >
                <input
                  class="PrivateSwitchBase-input MuiSwitch-input   css-1m9pwf3"
                  type="checkbox"
                />
                <span
                  class="MuiSwitch-thumb  css-jsexje-MuiSwitch-thumb"
                />
              </span>
              <span
                class="MuiSwitch-track  css-1yjjitx-MuiSwitch-track"
              />
            </span>
            <span
              class="MuiTypography-root MuiTypography-body1  MuiFormControlLabel-label  css-1edfpdg-MuiTypography-root"
            >
              Compact rows
            </span>
          </label>
        </div>
      </div>
    </div>
    <div
      class="MuiPaper-root MuiPaper-elevation MuiPaper-rounded MuiPaper-elevation1  MuiTableContainer-root  css-1qw7of0-MuiPaper-root-MuiTableContainer-root"
      style="--Paper-shadow: 0px 2px 1px -1px rgba(0,0,0,0.2),0px 1px 1px 0px rgba(0,0,0,0.14),0px 1px 3px 0px rgba(0,0,0,0.12);"
    >
      <table
        class="MuiTable-root  css-rqglhn-MuiTable-root"
      >
        <thead
          class="MuiTableHead-root  css-15wwp11-MuiTableHead-root"
        >
          <tr
            class="MuiTableRow-root MuiTableRow-head  css-q1udx3-MuiTableRow-root"
          >
            <th
              class="MuiTableCell-root MuiTableCell-head MuiTableCell-sizeMedium  css-3qpjqv-MuiTableCell-root"
              scope="col"
            >
              Employee
            </th>
            <th
              class="MuiTableCell-root MuiTableCell-head MuiTableCell-sizeMedium  css-3qpjqv-MuiTableCell-root"
              scope="col"
            >
              Email
            </th>
            <th
              class="MuiTableCell-root MuiTableCell-head MuiTableCell-sizeMedium  css-3qpjqv-MuiTableCell-root"
              scope="col"
            >
              Department
            </th>
            <th
              class="MuiTableCell-root MuiTableCell-head MuiTableCell-sizeMedium  css-3qpjqv-MuiTableCell-root"
              scope="col"
            >
              Age
            </th>
            <th
              class="MuiTableCell-root MuiTableCell-head MuiTableCell-sizeMedium  css-3qpjqv-MuiTableCell-root"
              scope="col"
            >
              Contact
            </th>
            <th
              class="MuiTableCell-root MuiTableCell-head MuiTableCell-alignRight MuiTableCell-sizeMedium  css-x3a2al-MuiTableCell-root"
              scope="col"
            >
              Actions
            </th>
          </tr>
        </thead>
        <tbody
          class="MuiTableBody-root  css-apqrd9-MuiTableBody-root"
        >
          <tr
            class="MuiTableRow-root  css-1q1u3t4-MuiTableRow-root"
          >
            <td
              class="MuiTableCell-root MuiTableCell-body MuiTableCell-sizeMedium  css-10ukr6t-MuiTableCell-root"
              colspan="6"
            >
              <div
                class="MuiBox-root css-1pg69xh"
              >
                <h6
                  class="MuiTypography-root MuiTypography-subtitle1  css-1ixrkmk-MuiTypography-root"
                >
                  No employees match your filters.
                </h6>
                <p
                  class="MuiTypography-root MuiTypography-body2  css-atovpb-MuiTypography-root"
                >
                  Try broadening your filters or add a new employee to get started.
                </p>
              </div>
            </td>
          </tr>
        </tbody>
      </table>
    </div>
    <div
      class="MuiTablePagination-root  css-jtlhu6-MuiTablePagination-root"
    >
      <div
        class="MuiToolbar-root MuiToolbar-gutters MuiToolbar-regular  MuiTablePagination-toolbar  css-16og44m-MuiToolbar-root-MuiTablePagination-toolbar"
      >
        <div
          class="MuiTablePagination-spacer  css-1psng7p-MuiTablePagination-spacer"
        />
        <p
          class="MuiTablePagination-selectLabel  css-pdct74-MuiTablePagination-selectLabel"
          id=":r5:"
        >
          Rows per page:
        </p>
        <div
          class="MuiInputBase-root MuiInputBase-colorPrimary  MuiTablePagination-input  css-16c50h-MuiInputBase-root-MuiTablePagination-select"
        >
          <div
            aria-controls=":r6:"
            aria-expanded="false"
            aria-haspopup="listbox"
            aria-labelledby=":r5: :r4:"
            class="MuiSelect-select MuiTablePagination-select  MuiSelect-standard  MuiInputBase-input  css-141c2s2-MuiSelect-select-MuiInputBase-input"
            id=":r4:"
            role="combobox"
            tabindex="0"
          >
            5
          </div>
          <input
            aria-hidden="true"
            aria-invalid="false"
            class="MuiSelect-nativeInput  css-yf8vq0-MuiSelect-nativeInput"
            tabindex="-1"
            value="5"
          />
          <svg
            aria-hidden="true"
            class="MuiSvgIcon-root MuiSvgIcon-fontSizeMedium  MuiSelect-icon MuiTablePagination-selectIcon  MuiSelect-iconStandard  css-rm9hue-MuiSvgIcon-root-MuiSelect-icon"
            data-testid="ArrowDropDownIcon"
            focusable="false"
            viewBox="0 0 24 24"
          >
            <path
              d="M7 10l5 5 5-5z"
            />
          </svg>
        </div>
        <p
          class="MuiTablePagination-displayedRows  css-levciy-MuiTablePagination-displayedRows"
        >
          0–0 of 0
        </p>
        <div
          class="MuiTablePagination-actions "
        >
          <button
            aria-label="Go to previous page"
            class="MuiButtonBase-root Mui-disabled  MuiIconButton-root Mui-disabled MuiIconButton-colorInherit MuiIconButton-sizeMedium  css-1kcqes5-MuiButtonBase-root-MuiIconButton-root"
            disabled=""
            tabindex="-1"
            title="Go to previous page"
            type="button"
          >
            <svg
              aria-hidden="true"
              class="MuiSvgIcon-root MuiSvgIcon-fontSizeMedium  css-20bmp1-MuiSvgIcon-root"
              data-testid="KeyboardArrowLeftIcon"
              focusable="false"
              viewBox="0 0 24 24"
            >
              <path
                d="M15.41 16.09l-4.58-4.59 4.58-4.59L14 5.5l-6 6 6 6z"
              />
            </svg>
          </button>
          <button
            aria-label="Go to next page"
            class="MuiButtonBase-root Mui-disabled  MuiIconButton-root Mui-disabled MuiIconButton-colorInherit MuiIconButton-sizeMedium  css-1kcqes5-MuiButtonBase-root-MuiIconButton-root"
            disabled=""
            tabindex="-1"
            title="Go to next page"
            type="button"
          >
            <svg
              aria-hidden="true"
              class="MuiSvgIcon-root MuiSvgIcon-fontSizeMedium  css-20bmp1-MuiSvgIcon-root"
              data-testid="KeyboardArrowRightIcon"
              focusable="false"
              viewBox="0 0 24 24"
            >
              <path
                d="M8.59 16.34l4.58-4.59-4.58-4.59L10 5.75l6 6-6 6z"
              />
            </svg>
          </button>
        </div>
      </div>
    </div>
  </div>
</DocumentFragment>
`;
