// Jest Snapshot v1, https://goo.gl/fbAQLP

exports[`ResetPassword snapshot matches the rendered markup 1`] = `
<DocumentFragment>
  <div
    class="MuiBox-root css-1fjjxay"
  >
    <div
      class="MuiPaper-root MuiPaper-elevation MuiPaper-rounded MuiPaper-elevation0  css-1d606iz-MuiPaper-root"
      style="--Paper-shadow: none;"
    >
      <div
        class="MuiBox-root css-115j56r"
      />
      <div
        class="MuiBox-root css-19u9mpi"
      />
      <div
        class="MuiBox-root css-79elbk"
      >
        <div
          class="MuiBox-root css-cacgvk"
        >
          <div
            class="MuiBox-root css-1gh7hit"
          >
            <svg
              aria-hidden="true"
              class="MuiSvgIcon-root MuiSvgIcon-fontSizeMedium  css-52ct2d-MuiSvgIcon-root"
              data-testid="LockResetIcon"
              focusable="false"
              viewBox="0 0 24 24"
            >
              <path
                d="M13 3c-4.97 0-9 4.03-9 9H1l4 4 4-4H6c0-3.86 3.14-7 7-7s7 3.14 7 7-3.14 7-7 7c-1.9 0-3.62-.76-4.88-1.99L6.7 18.42C8.32 20.01 10.55 21 13 21c4.97 0 9-4.03 9-9s-4.03-9-9-9m2 8v-1c0-1.1-.9-2-2-2s-2 .9-2 2v1c-.55 0-1 .45-1 1v3c0 .55.45 1 1 1h4c.55 0 1-.45 1-1v-3c0-.55-.45-1-1-1m-1 0h-2v-1c0-.55.45-1 1-1s1 .45 1 1z"
              />
            </svg>
          </div>
          <h2
            class="MuiTypography-root MuiTypography-h5  css-1d0c9so-MuiTypography-root"
          >
            Reset Password
          </h2>
          <p
            class="MuiTypography-root MuiTypography-body2  css-9isvqg-MuiTypography-root"
          >
            Choose a new password for your account.
          </p>
        </div>
        <form>
          <div
            class="MuiFormControl-root MuiFormControl-fullWidth  MuiTextField-root  css-8szo48-MuiFormControl-root-MuiTextField-root"
          >
            <label
              class="MuiFormLabel-root MuiInputLabel-root MuiInputLabel-formControl MuiInputLabel-animated MuiInputLabel-sizeMedium MuiInputLabel-outlined  MuiFormLabel-colorPrimary Mui-disabled  MuiInputLabel-root MuiInputLabel-formControl MuiInputLabel-animated MuiInputLabel-sizeMedium MuiInputLabel-outlined  css-1q964xs-MuiFormLabel-root-MuiInputLabel-root"
              data-shrink="false"
              for=":r0:"
              id=":r0:-label"
            >
              Username
            </label>
            <div
              class="MuiInputBase-root MuiOutlinedInput-root  MuiInputBase-colorPrimary Mui-disabled MuiInputBase-fullWidth MuiInputBase-formControl  css-1o0kqxp-MuiInputBase-root-MuiOutlinedInput-root"
            >
              <input
                aria-invalid="false"
                class="MuiInputBase-input MuiOutlinedInput-input  Mui-disabled  css-1jk99ih-MuiInputBase-input-MuiOutlinedInput-input"
                disabled=""
                id=":r0:"
                type="text"
                value=""
              />
              <fieldset
                aria-hidden="true"
                class="MuiOutlinedInput-notchedOutline  css-1d3z3hw-MuiOutlinedInput-notchedOutline"
              >
                <legend
                  class="css-1pbc52w"
                >
                  <span>
                    Username
                  </span>
                </legend>
              </fieldset>
            </div>
          </div>
          <div
            class="MuiFormControl-root MuiFormControl-fullWidth  MuiTextField-root  css-8szo48-MuiFormControl-root-MuiTextField-root"
          >
            <label
              class="MuiFormLabel-root MuiInputLabel-root MuiInputLabel-formControl MuiInputLabel-animated MuiInputLabel-sizeMedium MuiInputLabel-outlined  MuiFormLabel-colorPrimary  MuiInputLabel-root MuiInputLabel-formControl MuiInputLabel-animated MuiInputLabel-sizeMedium MuiInputLabel-outlined  css-1q964xs-MuiFormLabel-root-MuiInputLabel-root"
              data-shrink="false"
              for=":r1:"
              id=":r1:-label"
            >
              New Password
            </label>
            <div
              class="MuiInputBase-root MuiOutlinedInput-root  MuiInputBase-colorPrimary MuiInputBase-fullWidth MuiInputBase-formControl MuiInputBase-adornedEnd  css-1wgn40h-MuiInputBase-root-MuiOutlinedInput-root"
            >
              <input
                aria-invalid="false"
                class="MuiInputBase-input MuiOutlinedInput-input  MuiInputBase-inputAdornedEnd  css-lc42l8-MuiInputBase-input-MuiOutlinedInput-input"
                id=":r1:"
                type="password"
                value=""
              />
              <div
                class="MuiInputAdornment-root MuiInputAdornment-positionEnd MuiInputAdornment-outlined MuiInputAdornment-sizeMedium  css-1i2hsuj-MuiInputAdornment-root"
              >
                <button
                  aria-label="toggle password visibility"
                  class="MuiButtonBase-root  MuiIconButton-root MuiIconButton-edgeEnd MuiIconButton-sizeMedium  css-1a7z5rc-MuiButtonBase-root-MuiIconButton-root"
                  tabindex="0"
                  type="button"
                >
                  <svg
                    aria-hidden="true"
                    class="MuiSvgIcon-root MuiSvgIcon-fontSizeMedium  css-20bmp1-MuiSvgIcon-root"
                    data-testid="VisibilityIcon"
                    focusable="false"
                    viewBox="0 0 24 24"
                  >
                    <path
                      d="M12 4.5C7 4.5 2.73 7.61 1 12c1.73 4.39 6 7.5 11 7.5s9.27-3.11 11-7.5c-1.73-4.39-6-7.5-11-7.5M12 17c-2.76 0-5-2.24-5-5s2.24-5 5-5 5 2.24 5 5-2.24 5-5 5m0-8c-1.66 0-3 1.34-3 3s1.34 3 3 3 3-1.34 3-3-1.34-3-3-3"
                    />
                  </svg>
                </button>
              </div>
              <fieldset
                aria-hidden="true"
                class="MuiOutlinedInput-notchedOutline  css-1d3z3hw-MuiOutlinedInput-notchedOutline"
              >
                <legend
                  class="css-1pbc52w"
                >
                  <span>
                    New Password
                  </span>
                </legend>
              </fieldset>
            </div>
          </div>
          <div
            class="MuiFormControl-root MuiFormControl-fullWidth  MuiTextField-root  css-8szo48-MuiFormControl-root-MuiTextField-root"
          >
            <label
              class="MuiFormLabel-root MuiInputLabel-root MuiInputLabel-formControl MuiInputLabel-animated MuiInputLabel-sizeMedium MuiInputLabel-outlined  MuiFormLabel-colorPrimary  MuiInputLabel-root MuiInputLabel-formControl MuiInputLabel-animated MuiInputLabel-sizeMedium MuiInputLabel-outlined  css-1q964xs-MuiFormLabel-root-MuiInputLabel-root"
              data-shrink="false"
              for=":r2:"
              id=":r2:-label"
            >
              Confirm New Password
            </label>
            <div
              class="MuiInputBase-root MuiOutlinedInput-root  MuiInputBase-colorPrimary MuiInputBase-fullWidth MuiInputBase-formControl MuiInputBase-adornedEnd  css-1wgn40h-MuiInputBase-root-MuiOutlinedInput-root"
            >
              <input
                aria-invalid="false"
                class="MuiInputBase-input MuiOutlinedInput-input  MuiInputBase-inputAdornedEnd  css-lc42l8-MuiInputBase-input-MuiOutlinedInput-input"
                id=":r2:"
                type="password"
                value=""
              />
              <div
                class="MuiInputAdornment-root MuiInputAdornment-positionEnd MuiInputAdornment-outlined MuiInputAdornment-sizeMedium  css-1i2hsuj-MuiInputAdornment-root"
              >
                <button
                  aria-label="toggle confirm password visibility"
                  class="MuiButtonBase-root  MuiIconButton-root MuiIconButton-edgeEnd MuiIconButton-sizeMedium  css-1a7z5rc-MuiButtonBase-root-MuiIconButton-root"
                  tabindex="0"
                  type="button"
                >
                  <svg
                    aria-hidden="true"
                    class="MuiSvgIcon-root MuiSvgIcon-fontSizeMedium  css-20bmp1-MuiSvgIcon-root"
                    data-testid="VisibilityIcon"
                    focusable="false"
                    viewBox="0 0 24 24"
                  >
                    <path
                      d="M12 4.5C7 4.5 2.73 7.61 1 12c1.73 4.39 6 7.5 11 7.5s9.27-3.11 11-7.5c-1.73-4.39-6-7.5-11-7.5M12 17c-2.76 0-5-2.24-5-5s2.24-5 5-5 5 2.24 5 5-2.24 5-5 5m0-8c-1.66 0-3 1.34-3 3s1.34 3 3 3 3-1.34 3-3-1.34-3-3-3"
                    />
                  </svg>
                </button>
              </div>
              <fieldset
                aria-hidden="true"
                class="MuiOutlinedInput-notchedOutline  css-1d3z3hw-MuiOutlinedInput-notchedOutline"
              >
                <legend
                  class="css-1pbc52w"
                >
                  <span>
                    Confirm New Password
                  </span>
                </legend>
              </fieldset>
            </div>
          </div>
          <button
            class="MuiButtonBase-root MuiButton-root MuiButton-contained MuiButton-containedPrimary MuiButton-sizeLarge MuiButton-containedSizeLarge MuiButton-colorPrimary MuiButton-fullWidth   MuiButton-root MuiButton-contained MuiButton-containedPrimary MuiButton-sizeLarge MuiButton-containedSizeLarge MuiButton-colorPrimary MuiButton-fullWidth  css-10l9h5n-MuiButtonBase-root-MuiButton-root"
            tabindex="0"
            type="submit"
          >
            Reset Password
          </button>
        </form>
      </div>
    </div>
  </div>
</DocumentFragment>
`;
